00:08 +12 -1: Some tests failed.
